// Jest Snapshot v1, https://goo.gl/fbAQLP

exports[`测试Icon render success 1`] = `
<svg
  className="yui-icon"
>
  <use
    xlinkHref="#qq"
  />
</svg>
`;
